[themewagon.github.io/multishop/index.html]
[backblue.gif]
[fade.gif]
[index.html]
[themewagon.github.io/multishop/img/favicon.ico]
[cdnjs.cloudflare.com/ajax/libs/font-awesome/5.10.0/css/all.min.css]
[themewagon.github.io/multishop/lib/animate/animate.min.css]
[themewagon.github.io/multishop/lib/owlcarousel/assets/owl.carousel.min.css]
[themewagon.github.io/multishop/css/style.css]
[themewagon.github.io/multishop/index-2.html]
[themewagon.github.io/multishop/shop.html]
[themewagon.github.io/multishop/detail.html]
[themewagon.github.io/multishop/cart.html]
[themewagon.github.io/multishop/checkout.html]
[themewagon.github.io/multishop/contact.html]
[themewagon.github.io/multishop/img/carousel-1.jpg]
[themewagon.github.io/multishop/img/carousel-2.jpg]
[themewagon.github.io/multishop/img/carousel-3.jpg]
[themewagon.github.io/multishop/img/offer-1.jpg]
[themewagon.github.io/multishop/img/offer-2.jpg]
[themewagon.github.io/multishop/img/cat-1.jpg]
[themewagon.github.io/multishop/img/cat-2.jpg]
[themewagon.github.io/multishop/img/cat-3.jpg]
[themewagon.github.io/multishop/img/cat-4.jpg]
[themewagon.github.io/multishop/img/product-1.jpg]
[themewagon.github.io/multishop/img/product-2.jpg]
[themewagon.github.io/multishop/img/product-3.jpg]
[themewagon.github.io/multishop/img/product-4.jpg]
[themewagon.github.io/multishop/img/product-5.jpg]
[themewagon.github.io/multishop/img/product-6.jpg]
[themewagon.github.io/multishop/img/product-7.jpg]
[themewagon.github.io/multishop/img/product-8.jpg]
[themewagon.github.io/multishop/img/vendor-1.jpg]
[themewagon.github.io/multishop/img/vendor-2.jpg]
[themewagon.github.io/multishop/img/vendor-3.jpg]
[themewagon.github.io/multishop/img/vendor-4.jpg]
[themewagon.github.io/multishop/img/vendor-5.jpg]
[themewagon.github.io/multishop/img/vendor-6.jpg]
[themewagon.github.io/multishop/img/vendor-7.jpg]
[themewagon.github.io/multishop/img/vendor-8.jpg]
[themewagon.github.io/multishop/img/payments.png]
[code.jquery.com/jquery-3.4.1.min.js]
[stackpath.bootstrapcdn.com/bootstrap/4.4.1/js/bootstrap.bundle.min.js]
[themewagon.github.io/multishop/lib/easing/easing.min.js]
[themewagon.github.io/multishop/lib/owlcarousel/owl.carousel.min.js]
[themewagon.github.io/multishop/mail/jqBootstrapValidation.min.js]
[themewagon.github.io/multishop/mail/contact.js]
[themewagon.github.io/multishop/js/main.js]
[themewagon.github.io/multishop/index.html]
[themewagon.github.io/multishop/img/favicon.html]
[cdnjs.cloudflare.com/ajax/libs/font-awesome/5.10.0/css/all.min.css]
[themewagon.github.io/multishop/lib/animate/animate.min.css]
[themewagon.github.io/multishop/lib/owlcarousel/assets/owl.video.play.png]
[themewagon.github.io/multishop/lib/owlcarousel/assets/owl.carousel.min.css]
[themewagon.github.io/multishop/css/style.css]
[themewagon.github.io/multishop/index-2.html]
[themewagon.github.io/multishop/img/product-9.jpg]
[themewagon.github.io/multishop/shop.html]
[themewagon.github.io/multishop/img/user.jpg]
[themewagon.github.io/multishop/detail.html]
[themewagon.github.io/multishop/cart.html]
[themewagon.github.io/multishop/checkout.html]
[themewagon.github.io/multishop/contact.html]
